------------------------------------------------------------
Timing Analyzer Summary
------------------------------------------------------------

Type  : Slow 1100mV 85C Model Setup 'clk'
Slack : -4.478
TNS   : -125.270

Type  : Slow 1100mV 85C Model Hold 'clk'
Slack : 0.254
TNS   : 0.000

Type  : Slow 1100mV 85C Model Minimum Pulse Width 'clk'
Slack : -2.174
TNS   : -140.461

Type  : Slow 1100mV 0C Model Setup 'clk'
Slack : -4.607
TNS   : -125.720

Type  : Slow 1100mV 0C Model Hold 'clk'
Slack : 0.236
TNS   : 0.000

Type  : Slow 1100mV 0C Model Minimum Pulse Width 'clk'
Slack : -2.174
TNS   : -143.151

Type  : Fast 1100mV 85C Model Setup 'clk'
Slack : -2.175
TNS   : -53.341

Type  : Fast 1100mV 85C Model Hold 'clk'
Slack : 0.147
TNS   : 0.000

Type  : Fast 1100mV 85C Model Minimum Pulse Width 'clk'
Slack : -2.174
TNS   : -115.246

Type  : Fast 1100mV 0C Model Setup 'clk'
Slack : -2.045
TNS   : -47.229

Type  : Fast 1100mV 0C Model Hold 'clk'
Slack : 0.134
TNS   : 0.000

Type  : Fast 1100mV 0C Model Minimum Pulse Width 'clk'
Slack : -2.174
TNS   : -115.363

------------------------------------------------------------
