------------------------------------------------------------
Timing Analyzer Summary
------------------------------------------------------------

Type  : Slow 1100mV 85C Model Setup 'clk'
Slack : -7.250
TNS   : -1772.735

Type  : Slow 1100mV 85C Model Hold 'clk'
Slack : 0.378
TNS   : 0.000

Type  : Slow 1100mV 85C Model Minimum Pulse Width 'clk'
Slack : -0.394
TNS   : -235.427

Type  : Slow 1100mV 0C Model Setup 'clk'
Slack : -7.203
TNS   : -1749.308

Type  : Slow 1100mV 0C Model Hold 'clk'
Slack : 0.336
TNS   : 0.000

Type  : Slow 1100mV 0C Model Minimum Pulse Width 'clk'
Slack : -0.394
TNS   : -250.936

Type  : Fast 1100mV 85C Model Setup 'clk'
Slack : -3.711
TNS   : -825.188

Type  : Fast 1100mV 85C Model Hold 'clk'
Slack : 0.206
TNS   : 0.000

Type  : Fast 1100mV 85C Model Minimum Pulse Width 'clk'
Slack : -0.086
TNS   : -36.136

Type  : Fast 1100mV 0C Model Setup 'clk'
Slack : -3.314
TNS   : -721.296

Type  : Fast 1100mV 0C Model Hold 'clk'
Slack : 0.187
TNS   : 0.000

Type  : Fast 1100mV 0C Model Minimum Pulse Width 'clk'
Slack : -0.083
TNS   : -35.585

------------------------------------------------------------
